[{"type":"error","lastLine":1,"lastColumn":6,"firstColumn":1,"message":"Start tag seen without seeing a doctype first. Expected “<!DOCTYPE html>”.","extract":"<html><head>","hiliteStart":0,"hiliteLength":6,"file":"snapshots/hmpg.net.html"},{"type":"error","lastLine":3,"lastColumn":513,"firstColumn":408,"message":"Attribute “gapi_processed” not allowed on element “script” at this point.","extract":"></script><script type=\"text/javascript\" async=\"\" src=\"https://apis.google.com/js/plusone.js\" gapi_processed=\"true\"></scri","hiliteStart":10,"hiliteLength":106,"file":"snapshots/hmpg.net.html"},{"type":"error","lastLine":11,"lastColumn":18,"firstColumn":1,"message":"The “align” attribute on the “p” element is obsolete. Use CSS instead.","extract":"d>\n<body>\n<p align=\"center\"><font ","hiliteStart":10,"hiliteLength":18,"file":"snapshots/hmpg.net.html"},{"type":"error","lastLine":11,"lastColumn":34,"firstColumn":19,"message":"The “font” element is obsolete. Use CSS instead.","extract":"=\"center\"><font size=\"+4\">Congra","hiliteStart":10,"hiliteLength":16,"file":"snapshots/hmpg.net.html"},{"type":"error","lastLine":12,"lastColumn":22,"firstColumn":5,"message":"The “align” attribute on the “p” element is obsolete. Use CSS instead.","extract":"font>\n</p><p align=\"center\"><b>You","hiliteStart":10,"hiliteLength":18,"file":"snapshots/hmpg.net.html"},{"type":"error","lastLine":16,"lastColumn":22,"firstColumn":5,"message":"The “align” attribute on the “p” element is obsolete. Use CSS instead.","extract":"rnet.\n</p><p align=\"center\">You sh","hiliteStart":10,"hiliteLength":18,"file":"snapshots/hmpg.net.html"},{"type":"error","lastLine":25,"lastColumn":18,"firstColumn":1,"message":"The “align” attribute on the “p” element is obsolete. Use CSS instead.","extract":"/li></ul>\n<p align=\"center\"><font ","hiliteStart":10,"hiliteLength":18,"file":"snapshots/hmpg.net.html"},{"type":"error","lastLine":25,"lastColumn":34,"firstColumn":19,"message":"The “font” element is obsolete. Use CSS instead.","extract":"=\"center\"><font size=\"-1\"><i>* P","hiliteStart":10,"hiliteLength":16,"file":"snapshots/hmpg.net.html"},{"type":"error","lastLine":28,"lastColumn":1153,"firstColumn":252,"message":"Attribute “ng-non-bindable” not allowed on element “iframe” at this point.","extract":"t: 24px;\"><iframe ng-non-bindable=\"\" frameborder=\"0\" hspace=\"0\" marginheight=\"0\" marginwidth=\"0\" scrolling=\"no\" style=\"position: static; top: 0px; width: 38px; margin: 0px; border-style: none; left: 0px; visibility: visible; height: 24px;\" tabindex=\"0\" vspace=\"0\" width=\"100%\" id=\"I0_1511618104254\" name=\"I0_1511618104254\" src=\"https://apis.google.com/u/0/se/0/_/+1/fastbutton?usegapi=1&amp;origin=http%3A%2F%2Fhmpg.net&amp;url=http%3A%2F%2Fhmpg.net%2F&amp;gsrc=3p&amp;ic=1&amp;jsh=m%3B%2F_%2Fscs%2Fapps-static%2F_%2Fjs%2Fk%3Doz.gapi.en_GB.R4vvmD-bxFg.O%2Fm%3D__features__%2Fam%3DAQ%2Frt%3Dj%2Fd%3D1%2Frs%3DAGLTcCNqw3woMCdGPJ1k0Sr5vKTnVpzXbw#_methods=onPlusOne%2C_ready%2C_close%2C_open%2C_resizeMe%2C_renderstart%2Concircled%2Cdrefresh%2Cerefresh%2Conload&amp;id=I0_1511618104254&amp;_gfid=I0_1511618104254&amp;parent=http%3A%2F%2Fhmpg.net&amp;pfname=&amp;rpctoken=18444644\" data-gapiattached=\"true\" title=\"G+\"></ifra","hiliteStart":10,"hiliteLength":902,"file":"snapshots/hmpg.net.html"},{"type":"error","lastLine":28,"lastColumn":1153,"firstColumn":252,"message":"Attribute “hspace” not allowed on element “iframe” at this point.","extract":"t: 24px;\"><iframe ng-non-bindable=\"\" frameborder=\"0\" hspace=\"0\" marginheight=\"0\" marginwidth=\"0\" scrolling=\"no\" style=\"position: static; top: 0px; width: 38px; margin: 0px; border-style: none; left: 0px; visibility: visible; height: 24px;\" tabindex=\"0\" vspace=\"0\" width=\"100%\" id=\"I0_1511618104254\" name=\"I0_1511618104254\" src=\"https://apis.google.com/u/0/se/0/_/+1/fastbutton?usegapi=1&amp;origin=http%3A%2F%2Fhmpg.net&amp;url=http%3A%2F%2Fhmpg.net%2F&amp;gsrc=3p&amp;ic=1&amp;jsh=m%3B%2F_%2Fscs%2Fapps-static%2F_%2Fjs%2Fk%3Doz.gapi.en_GB.R4vvmD-bxFg.O%2Fm%3D__features__%2Fam%3DAQ%2Frt%3Dj%2Fd%3D1%2Frs%3DAGLTcCNqw3woMCdGPJ1k0Sr5vKTnVpzXbw#_methods=onPlusOne%2C_ready%2C_close%2C_open%2C_resizeMe%2C_renderstart%2Concircled%2Cdrefresh%2Cerefresh%2Conload&amp;id=I0_1511618104254&amp;_gfid=I0_1511618104254&amp;parent=http%3A%2F%2Fhmpg.net&amp;pfname=&amp;rpctoken=18444644\" data-gapiattached=\"true\" title=\"G+\"></ifra","hiliteStart":10,"hiliteLength":902,"file":"snapshots/hmpg.net.html"},{"type":"error","lastLine":28,"lastColumn":1153,"firstColumn":252,"message":"Attribute “vspace” not allowed on element “iframe” at this point.","extract":"t: 24px;\"><iframe ng-non-bindable=\"\" frameborder=\"0\" hspace=\"0\" marginheight=\"0\" marginwidth=\"0\" scrolling=\"no\" style=\"position: static; top: 0px; width: 38px; margin: 0px; border-style: none; left: 0px; visibility: visible; height: 24px;\" tabindex=\"0\" vspace=\"0\" width=\"100%\" id=\"I0_1511618104254\" name=\"I0_1511618104254\" src=\"https://apis.google.com/u/0/se/0/_/+1/fastbutton?usegapi=1&amp;origin=http%3A%2F%2Fhmpg.net&amp;url=http%3A%2F%2Fhmpg.net%2F&amp;gsrc=3p&amp;ic=1&amp;jsh=m%3B%2F_%2Fscs%2Fapps-static%2F_%2Fjs%2Fk%3Doz.gapi.en_GB.R4vvmD-bxFg.O%2Fm%3D__features__%2Fam%3DAQ%2Frt%3Dj%2Fd%3D1%2Frs%3DAGLTcCNqw3woMCdGPJ1k0Sr5vKTnVpzXbw#_methods=onPlusOne%2C_ready%2C_close%2C_open%2C_resizeMe%2C_renderstart%2Concircled%2Cdrefresh%2Cerefresh%2Conload&amp;id=I0_1511618104254&amp;_gfid=I0_1511618104254&amp;parent=http%3A%2F%2Fhmpg.net&amp;pfname=&amp;rpctoken=18444644\" data-gapiattached=\"true\" title=\"G+\"></ifra","hiliteStart":10,"hiliteLength":902,"file":"snapshots/hmpg.net.html"},{"type":"error","lastLine":28,"lastColumn":1153,"firstColumn":252,"message":"Bad value “100%” for attribute “width” on element “iframe”: Expected a digit but saw “%” instead.","extract":"t: 24px;\"><iframe ng-non-bindable=\"\" frameborder=\"0\" hspace=\"0\" marginheight=\"0\" marginwidth=\"0\" scrolling=\"no\" style=\"position: static; top: 0px; width: 38px; margin: 0px; border-style: none; left: 0px; visibility: visible; height: 24px;\" tabindex=\"0\" vspace=\"0\" width=\"100%\" id=\"I0_1511618104254\" name=\"I0_1511618104254\" src=\"https://apis.google.com/u/0/se/0/_/+1/fastbutton?usegapi=1&amp;origin=http%3A%2F%2Fhmpg.net&amp;url=http%3A%2F%2Fhmpg.net%2F&amp;gsrc=3p&amp;ic=1&amp;jsh=m%3B%2F_%2Fscs%2Fapps-static%2F_%2Fjs%2Fk%3Doz.gapi.en_GB.R4vvmD-bxFg.O%2Fm%3D__features__%2Fam%3DAQ%2Frt%3Dj%2Fd%3D1%2Frs%3DAGLTcCNqw3woMCdGPJ1k0Sr5vKTnVpzXbw#_methods=onPlusOne%2C_ready%2C_close%2C_open%2C_resizeMe%2C_renderstart%2Concircled%2Cdrefresh%2Cerefresh%2Conload&amp;id=I0_1511618104254&amp;_gfid=I0_1511618104254&amp;parent=http%3A%2F%2Fhmpg.net&amp;pfname=&amp;rpctoken=18444644\" data-gapiattached=\"true\" title=\"G+\"></ifra","hiliteStart":10,"hiliteLength":902,"file":"snapshots/hmpg.net.html"},{"type":"error","lastLine":28,"lastColumn":1153,"firstColumn":252,"message":"The “frameborder” attribute on the “iframe” element is obsolete. Use CSS instead.","extract":"t: 24px;\"><iframe ng-non-bindable=\"\" frameborder=\"0\" hspace=\"0\" marginheight=\"0\" marginwidth=\"0\" scrolling=\"no\" style=\"position: static; top: 0px; width: 38px; margin: 0px; border-style: none; left: 0px; visibility: visible; height: 24px;\" tabindex=\"0\" vspace=\"0\" width=\"100%\" id=\"I0_1511618104254\" name=\"I0_1511618104254\" src=\"https://apis.google.com/u/0/se/0/_/+1/fastbutton?usegapi=1&amp;origin=http%3A%2F%2Fhmpg.net&amp;url=http%3A%2F%2Fhmpg.net%2F&amp;gsrc=3p&amp;ic=1&amp;jsh=m%3B%2F_%2Fscs%2Fapps-static%2F_%2Fjs%2Fk%3Doz.gapi.en_GB.R4vvmD-bxFg.O%2Fm%3D__features__%2Fam%3DAQ%2Frt%3Dj%2Fd%3D1%2Frs%3DAGLTcCNqw3woMCdGPJ1k0Sr5vKTnVpzXbw#_methods=onPlusOne%2C_ready%2C_close%2C_open%2C_resizeMe%2C_renderstart%2Concircled%2Cdrefresh%2Cerefresh%2Conload&amp;id=I0_1511618104254&amp;_gfid=I0_1511618104254&amp;parent=http%3A%2F%2Fhmpg.net&amp;pfname=&amp;rpctoken=18444644\" data-gapiattached=\"true\" title=\"G+\"></ifra","hiliteStart":10,"hiliteLength":902,"file":"snapshots/hmpg.net.html"},{"type":"error","lastLine":28,"lastColumn":1153,"firstColumn":252,"message":"The “marginheight” attribute on the “iframe” element is obsolete. Use CSS instead.","extract":"t: 24px;\"><iframe ng-non-bindable=\"\" frameborder=\"0\" hspace=\"0\" marginheight=\"0\" marginwidth=\"0\" scrolling=\"no\" style=\"position: static; top: 0px; width: 38px; margin: 0px; border-style: none; left: 0px; visibility: visible; height: 24px;\" tabindex=\"0\" vspace=\"0\" width=\"100%\" id=\"I0_1511618104254\" name=\"I0_1511618104254\" src=\"https://apis.google.com/u/0/se/0/_/+1/fastbutton?usegapi=1&amp;origin=http%3A%2F%2Fhmpg.net&amp;url=http%3A%2F%2Fhmpg.net%2F&amp;gsrc=3p&amp;ic=1&amp;jsh=m%3B%2F_%2Fscs%2Fapps-static%2F_%2Fjs%2Fk%3Doz.gapi.en_GB.R4vvmD-bxFg.O%2Fm%3D__features__%2Fam%3DAQ%2Frt%3Dj%2Fd%3D1%2Frs%3DAGLTcCNqw3woMCdGPJ1k0Sr5vKTnVpzXbw#_methods=onPlusOne%2C_ready%2C_close%2C_open%2C_resizeMe%2C_renderstart%2Concircled%2Cdrefresh%2Cerefresh%2Conload&amp;id=I0_1511618104254&amp;_gfid=I0_1511618104254&amp;parent=http%3A%2F%2Fhmpg.net&amp;pfname=&amp;rpctoken=18444644\" data-gapiattached=\"true\" title=\"G+\"></ifra","hiliteStart":10,"hiliteLength":902,"file":"snapshots/hmpg.net.html"},{"type":"error","lastLine":28,"lastColumn":1153,"firstColumn":252,"message":"The “marginwidth” attribute on the “iframe” element is obsolete. Use CSS instead.","extract":"t: 24px;\"><iframe ng-non-bindable=\"\" frameborder=\"0\" hspace=\"0\" marginheight=\"0\" marginwidth=\"0\" scrolling=\"no\" style=\"position: static; top: 0px; width: 38px; margin: 0px; border-style: none; left: 0px; visibility: visible; height: 24px;\" tabindex=\"0\" vspace=\"0\" width=\"100%\" id=\"I0_1511618104254\" name=\"I0_1511618104254\" src=\"https://apis.google.com/u/0/se/0/_/+1/fastbutton?usegapi=1&amp;origin=http%3A%2F%2Fhmpg.net&amp;url=http%3A%2F%2Fhmpg.net%2F&amp;gsrc=3p&amp;ic=1&amp;jsh=m%3B%2F_%2Fscs%2Fapps-static%2F_%2Fjs%2Fk%3Doz.gapi.en_GB.R4vvmD-bxFg.O%2Fm%3D__features__%2Fam%3DAQ%2Frt%3Dj%2Fd%3D1%2Frs%3DAGLTcCNqw3woMCdGPJ1k0Sr5vKTnVpzXbw#_methods=onPlusOne%2C_ready%2C_close%2C_open%2C_resizeMe%2C_renderstart%2Concircled%2Cdrefresh%2Cerefresh%2Conload&amp;id=I0_1511618104254&amp;_gfid=I0_1511618104254&amp;parent=http%3A%2F%2Fhmpg.net&amp;pfname=&amp;rpctoken=18444644\" data-gapiattached=\"true\" title=\"G+\"></ifra","hiliteStart":10,"hiliteLength":902,"file":"snapshots/hmpg.net.html"},{"type":"error","lastLine":28,"lastColumn":1153,"firstColumn":252,"message":"The “scrolling” attribute on the “iframe” element is obsolete. Use CSS instead.","extract":"t: 24px;\"><iframe ng-non-bindable=\"\" frameborder=\"0\" hspace=\"0\" marginheight=\"0\" marginwidth=\"0\" scrolling=\"no\" style=\"position: static; top: 0px; width: 38px; margin: 0px; border-style: none; left: 0px; visibility: visible; height: 24px;\" tabindex=\"0\" vspace=\"0\" width=\"100%\" id=\"I0_1511618104254\" name=\"I0_1511618104254\" src=\"https://apis.google.com/u/0/se/0/_/+1/fastbutton?usegapi=1&amp;origin=http%3A%2F%2Fhmpg.net&amp;url=http%3A%2F%2Fhmpg.net%2F&amp;gsrc=3p&amp;ic=1&amp;jsh=m%3B%2F_%2Fscs%2Fapps-static%2F_%2Fjs%2Fk%3Doz.gapi.en_GB.R4vvmD-bxFg.O%2Fm%3D__features__%2Fam%3DAQ%2Frt%3Dj%2Fd%3D1%2Frs%3DAGLTcCNqw3woMCdGPJ1k0Sr5vKTnVpzXbw#_methods=onPlusOne%2C_ready%2C_close%2C_open%2C_resizeMe%2C_renderstart%2Concircled%2Cdrefresh%2Cerefresh%2Conload&amp;id=I0_1511618104254&amp;_gfid=I0_1511618104254&amp;parent=http%3A%2F%2Fhmpg.net&amp;pfname=&amp;rpctoken=18444644\" data-gapiattached=\"true\" title=\"G+\"></ifra","hiliteStart":10,"hiliteLength":902,"file":"snapshots/hmpg.net.html"},{"type":"error","lastLine":31,"lastColumn":18,"firstColumn":1,"message":"The “align” attribute on the “p” element is obsolete. Use CSS instead.","extract":"\n<p></p>\n\n<p align=\"center\"><img s","hiliteStart":10,"hiliteLength":18,"file":"snapshots/hmpg.net.html"},{"type":"error","lastLine":31,"lastColumn":45,"firstColumn":19,"message":"An “img” element must have an “alt” attribute, except under certain conditions. For details, consult guidance on providing text alternatives for images.","extract":"=\"center\"><img src=\"downloadwww.gif\">\n\n<!--","hiliteStart":10,"hiliteLength":27,"file":"snapshots/hmpg.net.html"},{"type":"error","lastLine":42,"lastColumn":526,"firstColumn":469,"message":"Element “contentxferbho” not allowed as child of element “body” in this context. (Suppressing further errors from this subtree.)","extract":"></iframe><contentxferbho id=\"87FD7BE7-AD58-4878-9AF6-8540EC34D21C\"></cont","hiliteStart":10,"hiliteLength":58,"file":"snapshots/hmpg.net.html"},{"type":"error","lastLine":42,"lastColumn":612,"firstColumn":544,"message":"Stray start tag “addoninited”.","extract":"ntxferbho></body><addoninited id=\"addonInited\" targetelementname=\"addonInited\"></addo","hiliteStart":10,"hiliteLength":69,"file":"snapshots/hmpg.net.html"},{"type":"error","lastLine":42,"lastColumn":612,"firstColumn":544,"message":"Element “addoninited” not allowed as child of element “body” in this context. (Suppressing further errors from this subtree.)","extract":"ntxferbho></body><addoninited id=\"addonInited\" targetelementname=\"addonInited\"></addo","hiliteStart":10,"hiliteLength":69,"file":"snapshots/hmpg.net.html"},{"type":"error","lastLine":1,"lastColumn":27,"firstColumn":1,"message":"Start tag seen without seeing a doctype first. Expected “<!DOCTYPE html>”.","extract":"<html lang=\"mul\" dir=\"ltr\"><head>","hiliteStart":0,"hiliteLength":27,"file":"snapshots/wikimedia.org.html"},{"type":"info","lastLine":9,"lastColumn":71,"firstColumn":1,"subType":"warning","message":"Potentially bad value “copyright” for attribute “rel” on element “link”: The keyword “copyright” for the “rel” attribute should not be used. Consider using “license” instead.","extract":"con.ico\">\n<link rel=\"copyright\" href=\"//creativecommons.org/licenses/by-sa/3.0/\">\n<link","hiliteStart":10,"hiliteLength":71,"file":"snapshots/wikimedia.org.html"},{"type":"error","lastLine":83,"lastColumn":58,"firstColumn":1,"message":"Element “contentxferbho” not allowed as child of element “body” in this context. (Suppressing further errors from this subtree.)","extract":"  </div>\n\n<contentxferbho id=\"87FD7BE7-AD58-4878-9AF6-8540EC34D21C\"></cont","hiliteStart":10,"hiliteLength":58,"file":"snapshots/wikimedia.org.html"},{"type":"error","lastLine":83,"lastColumn":144,"firstColumn":76,"message":"Stray start tag “addoninited”.","extract":"ntxferbho></body><addoninited id=\"addonInited\" targetelementname=\"addonInited\"></addo","hiliteStart":10,"hiliteLength":69,"file":"snapshots/wikimedia.org.html"},{"type":"error","lastLine":83,"lastColumn":144,"firstColumn":76,"message":"Element “addoninited” not allowed as child of element “body” in this context. (Suppressing further errors from this subtree.)","extract":"ntxferbho></body><addoninited id=\"addonInited\" targetelementname=\"addonInited\"></addo","hiliteStart":10,"hiliteLength":69,"file":"snapshots/wikimedia.org.html"},{"type":"error","lastLine":1,"lastColumn":6,"firstColumn":1,"message":"Start tag seen without seeing a doctype first. Expected “<!DOCTYPE html>”.","extract":"<html><head>","hiliteStart":0,"hiliteLength":6,"file":"snapshots/xkcd.com.html"},{"type":"error","lastLine":114,"lastColumn":21,"firstColumn":1,"message":"Duplicate ID “comicLinks”.","extract":"div>\n<br>\n<div id=\"comicLinks\">\nOther","hiliteStart":10,"hiliteLength":21,"file":"snapshots/xkcd.com.html"},{"type":"info","lastLine":99,"lastColumn":21,"firstColumn":1,"subType":"warning","message":"The first occurrence of ID “comicLinks” was here.","extract":"div>\n<br>\n<div id=\"comicLinks\">\nComic","hiliteStart":10,"hiliteLength":21,"file":"snapshots/xkcd.com.html"},{"type":"error","lastLine":121,"lastColumn":8,"firstColumn":1,"message":"The “center” element is obsolete. Use CSS instead.","extract":"div>\n<br>\n<center>\n<div ","hiliteStart":10,"hiliteLength":8,"file":"snapshots/xkcd.com.html"},{"type":"error","lastLine":136,"lastColumn":58,"firstColumn":1,"message":"Element “contentxferbho” not allowed as child of element “body” in this context. (Suppressing further errors from this subtree.)","extract":"ode -->\n\n\n<contentxferbho id=\"87FD7BE7-AD58-4878-9AF6-8540EC34D21C\"></cont","hiliteStart":10,"hiliteLength":58,"file":"snapshots/xkcd.com.html"},{"type":"error","lastLine":136,"lastColumn":144,"firstColumn":76,"message":"Stray start tag “addoninited”.","extract":"ntxferbho></body><addoninited id=\"addonInited\" targetelementname=\"addonInited\"></addo","hiliteStart":10,"hiliteLength":69,"file":"snapshots/xkcd.com.html"},{"type":"error","lastLine":136,"lastColumn":144,"firstColumn":76,"message":"Element “addoninited” not allowed as child of element “body” in this context. (Suppressing further errors from this subtree.)","extract":"ntxferbho></body><addoninited id=\"addonInited\" targetelementname=\"addonInited\"></addo","hiliteStart":10,"hiliteLength":69,"file":"snapshots/xkcd.com.html"},{"type":"info","lastLine":1,"lastColumn":6,"firstColumn":1,"subType":"warning","message":"This document appears to be written in English but the “html” start tag has “lang=\"mul\"”. Consider using “lang=\"en\"” (or variant) instead.","extract":"<html><head>","hiliteStart":0,"hiliteLength":6,"file":"snapshots/xkcd.com.html"}]